---
source: src/tests/cases/ui.rs
expression: terminal_draw_events.lock().unwrap().join(SNAPSHOT_SECTION_SEPARATOR)
---
IF: interface_name | Total Rate (Up / Down): 0.00B / 0.00B  
âUtilization by remote addressââââââââââââââââââââââââââââââ
âRemote Address                     Rate (Up / Down)       â
â                                                          â
â                                                          â
â                                                          â
â                                                          â
â                                                          â
â                                                          â
â                                                          â
â                                                          â
â                                                          â
â                                                          â
â                                                          â
â                                                          â
â                                                          â
â                                                          â
â                                                          â
â                                                          â
â                                                          â
â                                                          â
â                                                          â
â                                                          â
â                                                          â
ââââââââââââââââââââââââââââââââââââââââââââââââââââââââââââ
âUtilization by connectionââââââââââââââââââââââââââââââââââ
âConnection                              Rate (Up / Down)  â
â                                                          â
â                                                          â
â                                                          â
â                                                          â
â                                                          â
â                                                          â
â                                                          â
â                                                          â
â                                                          â
â                                                          â
â                                                          â
â                                                          â
â                                                          â
â                                                          â
â                                                          â
â                                                          â
â                                                          â
â                                                          â
â                                                          â
â                                                          â
â                                                          â
ââââââââââââââââââââââââââââââââââââââââââââââââââââââââââââ
 Press <SPACE> to pause. Use <TAB> to rearrange tables.     

--- SECTION SEPARATOR ---
                                                            
                                                            
                                                            
                                                            
                                                            
                                                            
                                                            
                                                            
                                                            
                                                            
                                                            
                                                            
                                                            
                                                            
                                                            
                                                            
                                                            
                                                            
                                                            
                                                            
                                                            
                                                            
                                                            
                                                            
                                                            
                                                            
                                                            
                                                            
                                                            
                                                            
                                                            
                                                            
                                                            
                                                            
                                                            
                                                            
                                                            
                                                            
                                                            
                                                            
                                                            
                                                            
                                                            
                                                            
                                                            
                                                            
                                                            
                                                            
                                                            
                                                            

