---
source: src/tests/cases/ui.rs
expression: terminal_draw_events.lock().unwrap().join(SNAPSHOT_SECTION_SEPARATOR)
---
IF: interface_name | Total Rate (Up / Down): 0.00B
âUtilization by process nameââââââââââââââââââââââ
âProcess                  Rate (Up / Down)       â
â                                                â
â                                                â
â                                                â
â                                                â
â                                                â
â                                                â
â                                                â
â                                                â
â                                                â
â                                                â
â                                                â
â                                                â
â                                                â
â                                                â
â                                                â
â                                                â
â                                                â
â                                                â
â                                                â
â                                                â
â                                                â
ââââââââââââââââââââââââââââââââââââââââââââââââââ
âUtilization by remote addressââââââââââââââââââââ
âRemote Address               Rate (Up / Down)   â
â                                                â
â                                                â
â                                                â
â                                                â
â                                                â
â                                                â
â                                                â
â                                                â
â                                                â
â                                                â
â                                                â
â                                                â
â                                                â
â                                                â
â                                                â
â                                                â
â                                                â
â                                                â
â                                                â
â                                                â
â                                                â
ââââââââââââââââââââââââââââââââââââââââââââââââââ
 Press <SPACE> to pause.                          

--- SECTION SEPARATOR ---
                                                  
                                                  
                                                  
 5                        0.00B / 28.00B          
 4                        0.00B / 26.00B          
 1                        0.00B / 22.00B          
 2                        0.00B / 21.00B          
                                                  
                                                  
                                                  
                                                  
                                                  
                                                  
                                                  
                                                  
                                                  
                                                  
                                                  
                                                  
                                                  
                                                  
                                                  
                                                  
                                                  
                                                  
                                                  
                                                  
 3.3.3.3                      0.00B / 28.00B      
 2.2.2.2                      0.00B / 26.00B      
 1.1.1.1                      0.00B / 22.00B      
 4.4.4.4                      0.00B / 21.00B
